> Task :app:preBuild UP-TO-DATE
> Task :app:preDebugBuild UP-TO-DATE
> Task :app:mergeDebugNativeDebugMetadata NO-SOURCE
> Task :app:checkKotlinGradlePluginConfigurationErrors SKIPPED
> Task :app:generateDebugBuildConfig UP-TO-DATE
> Task :app:checkDebugAarMetadata UP-TO-DATE
> Task :app:generateDebugResValues UP-TO-DATE
> Task :app:processDebugGoogleServices UP-TO-DATE
> Task :app:mapDebugSourceSetPaths UP-TO-DATE
> Task :app:generateDebugResources UP-TO-DATE
> Task :app:mergeDebugResources UP-TO-DATE
> Task :app:packageDebugResources UP-TO-DATE
> Task :app:parseDebugLocalResources UP-TO-DATE
> Task :app:createDebugCompatibleScreenManifests UP-TO-DATE
> Task :app:extractDeepLinksDebug UP-TO-DATE
> Task :app:processDebugMainManifest UP-TO-DATE
> Task :app:processDebugManifest UP-TO-DATE
> Task :app:processDebugManifestForPackage UP-TO-DATE
> Task :app:processDebugResources UP-TO-DATE
> Task :app:kaptGenerateStubsDebugKotlin UP-TO-DATE
> Task :app:kaptDebugKotlin UP-TO-DATE
> Task :app:compileDebugKotlin UP-TO-DATE
> Task :app:javaPreCompileDebug UP-TO-DATE
> Task :app:compileDebugJavaWithJavac UP-TO-DATE
> Task :app:mergeDebugShaders UP-TO-DATE
> Task :app:compileDebugShaders NO-SOURCE
> Task :app:generateDebugAssets UP-TO-DATE
> Task :app:mergeDebugAssets UP-TO-DATE
> Task :app:compressDebugAssets UP-TO-DATE
> Task :app:desugarDebugFileDependencies UP-TO-DATE
> Task :app:hiltAggregateDepsDebug UP-TO-DATE

> Task :app:hiltJavaCompileDebug FAILED
/Users/given/AndroidStudioProjects/ehefinmobile/app/build/generated/hilt/component_sources/debug/com/example/ehefin_mobile/EheFinApplication_HiltComponents.java:163: error: [Dagger/MissingBinding] android.content.Context cannot be provided without an @Provides-annotated method.
  public abstract static class SingletonC implements EheFinApplication_GeneratedInjector,
                         ^
  
      android.content.Context is injected at
          [com.example.ehefin_mobile.EheFinApplication_HiltComponents.SingletonC] com.example.ehefin_mobile.core.util.LocationHelperImpl(context)
      com.example.ehefin_mobile.core.util.LocationHelperImpl is injected at
          [com.example.ehefin_mobile.EheFinApplication_HiltComponents.SingletonC] com.example.ehefin_mobile.core.di.LocationModule.bindLocationHelper(locationHelperImpl)
      com.example.ehefin_mobile.core.util.LocationHelper is injected at
          [com.example.ehefin_mobile.EheFinApplication_HiltComponents.ViewModelC] com.example.ehefin_mobile.feature.loan.presentation.viewmodel.LoanViewModel(…, locationHelper)
      com.example.ehefin_mobile.feature.loan.presentation.viewmodel.LoanViewModel is injected at
          [com.example.ehefin_mobile.EheFinApplication_HiltComponents.ViewModelC] com.example.ehefin_mobile.feature.loan.presentation.viewmodel.LoanViewModel_HiltModules.BindsModule.binds(vm)
      @dagger.hilt.android.internal.lifecycle.HiltViewModelMap java.util.Map<java.lang.Class<?>,javax.inject.Provider<androidx.lifecycle.ViewModel>> is requested at
          [com.example.ehefin_mobile.EheFinApplication_HiltComponents.ViewModelC] dagger.hilt.android.internal.lifecycle.HiltViewModelFactory.ViewModelFactoriesEntryPoint.getHiltViewModelMap() [com.example.ehefin_mobile.EheFinApplication_HiltComponents.SingletonC → com.example.ehefin_mobile.EheFinApplication_HiltComponents.ActivityRetainedC → com.example.ehefin_mobile.EheFinApplication_HiltComponents.ViewModelC]
1 error

[Incubating] Problems report is available at: file:///Users/given/AndroidStudioProjects/ehefinmobile/build/reports/problems/problems-report.html

FAILURE: Build failed with an exception.

* What went wrong:
Execution failed for task ':app:hiltJavaCompileDebug'.
> Compilation failed; see the compiler output below.
  /Users/given/AndroidStudioProjects/ehefinmobile/app/build/generated/hilt/component_sources/debug/com/example/ehefin_mobile/EheFinApplication_HiltComponents.java:163: error: [Dagger/MissingBinding] android.content.Context cannot be provided without an @Provides-annotated method.
    public abstract static class SingletonC implements EheFinApplication_GeneratedInjector,
                           ^
    
        android.content.Context is injected at
            [com.example.ehefin_mobile.EheFinApplication_HiltComponents.SingletonC] com.example.ehefin_mobile.core.util.LocationHelperImpl(context)
        com.example.ehefin_mobile.core.util.LocationHelperImpl is injected at
            [com.example.ehefin_mobile.EheFinApplication_HiltComponents.SingletonC] com.example.ehefin_mobile.core.di.LocationModule.bindLocationHelper(locationHelperImpl)
        com.example.ehefin_mobile.core.util.LocationHelper is injected at
            [com.example.ehefin_mobile.EheFinApplication_HiltComponents.ViewModelC] com.example.ehefin_mobile.feature.loan.presentation.viewmodel.LoanViewModel(…, locationHelper)
        com.example.ehefin_mobile.feature.loan.presentation.viewmodel.LoanViewModel is injected at
            [com.example.ehefin_mobile.EheFinApplication_HiltComponents.ViewModelC] com.example.ehefin_mobile.feature.loan.presentation.viewmodel.LoanViewModel_HiltModules.BindsModule.binds(vm)
        @dagger.hilt.android.internal.lifecycle.HiltViewModelMap java.util.Map<java.lang.Class<?>,javax.inject.Provider<androidx.lifecycle.ViewModel>> is requested at
            [com.example.ehefin_mobile.EheFinApplication_HiltComponents.ViewModelC] dagger.hilt.android.internal.lifecycle.HiltViewModelFactory.ViewModelFactoriesEntryPoint.getHiltViewModelMap() [com.example.ehefin_mobile.EheFinApplication_HiltComponents.SingletonC → com.example.ehefin_mobile.EheFinApplication_HiltComponents.ActivityRetainedC → com.example.ehefin_mobile.EheFinApplication_HiltComponents.ViewModelC]
  1 error

* Try:
> Check your code and dependencies to fix the compilation error(s)
> Run with --scan to generate a Build Scan (Powered by Develocity).

Deprecated Gradle features were used in this build, making it incompatible with Gradle 10.

You can use '--warning-mode all' to show the individual deprecation warnings and determine if they come from your own scripts or plugins.

For more on this, please refer to https://docs.gradle.org/9.1.0/userguide/command_line_interface.html#sec:command_line_warnings in the Gradle documentation.

BUILD FAILED in 2s
26 actionable tasks: 1 executed, 25 up-to-date
